[    0.000000] Linux version 4.15.0-72-generic (buildd@lcy01-amd64-026) (gcc version 7.4.0 (Ubuntu 7.4.0-1ubuntu1~18.04.1)) #81-Ubuntu SMP Tue Nov 26 12:20:02 UTC 2019 (Ubuntu 4.15.0-72.81-generic 4.15.18)
[    0.000000] Command line: BOOT_IMAGE=/boot/vmlinuz-4.15.0-72-generic root=LABEL=cloudimg-rootfs ro console=tty1 console=ttyS0
[    0.000000] KERNEL supported cpus:
[    0.000000]   Intel GenuineIntel
[    0.000000]   AMD AuthenticAMD
[    0.000000]   Centaur CentaurHauls
[    0.000000] x86/fpu: Supporting XSAVE feature 0x001: 'x87 floating point registers'
[    0.000000] x86/fpu: Supporting XSAVE feature 0x002: 'SSE registers'
[    0.000000] x86/fpu: Supporting XSAVE feature 0x004: 'AVX registers'
[    0.000000] x86/fpu: xstate_offset[2]:  576, xstate_sizes[2]:  256
[    0.000000] x86/fpu: Enabled xstate features 0x7, context size is 832 bytes, using 'standard' format.
[    0.000000] e820: BIOS-provided physical RAM map:
[    0.000000] BIOS-e820: [mem 0x0000000000000000-0x000000000009fbff] usable
[    0.000000] BIOS-e820: [mem 0x000000000009fc00-0x000000000009ffff] reserved
[    0.000000] BIOS-e820: [mem 0x00000000000f0000-0x00000000000fffff] reserved
[    0.000000] BIOS-e820: [mem 0x0000000000100000-0x000000003ffeffff] usable
[    0.000000] BIOS-e820: [mem 0x000000003fff0000-0x000000003fffffff] ACPI data
[    0.000000] BIOS-e820: [mem 0x00000000fec00000-0x00000000fec00fff] reserved
[    0.000000] BIOS-e820: [mem 0x00000000fee00000-0x00000000fee00fff] reserved
[    0.000000] BIOS-e820: [mem 0x00000000fffc0000-0x00000000ffffffff] reserved
[    0.000000] NX (Execute Disable) protection: active
[    0.000000] SMBIOS 2.5 present.
[    0.000000] DMI: innotek GmbH VirtualBox/VirtualBox, BIOS VirtualBox 12/01/2006
[    0.000000] Hypervisor detected: KVM
[    0.000000] e820: last_pfn = 0x3fff0 max_arch_pfn = 0x400000000
[    0.000000] MTRR: Disabled
[    0.000000] x86/PAT: MTRRs disabled, skipping PAT initialization too.
[    0.000000] CPU MTRRs all blank - virtualized system.
[    0.000000] x86/PAT: Configuration [0-7]: WB  WT  UC- UC  WB  WT  UC- UC  
[    0.000000] found SMP MP-table at [mem 0x0009fff0-0x0009ffff]
[    0.000000] Scanning 1 areas for low memory corruption
[    0.000000] RAMDISK: [mem 0x3595f000-0x36ca6fff]
[    0.000000] ACPI: Early table checksum verification disabled
[    0.000000] ACPI: RSDP 0x00000000000E0000 000024 (v02 VBOX  )
[    0.000000] ACPI: XSDT 0x000000003FFF0030 00003C (v01 VBOX   VBOXXSDT 00000001 ASL  00000061)
[    0.000000] ACPI: FACP 0x000000003FFF00F0 0000F4 (v04 VBOX   VBOXFACP 00000001 ASL  00000061)
[    0.000000] ACPI: DSDT 0x000000003FFF0470 0022EA (v02 VBOX   VBOXBIOS 00000002 INTL 20100528)
[    0.000000] ACPI: FACS 0x000000003FFF0200 000040
[    0.000000] ACPI: FACS 0x000000003FFF0200 000040
[    0.000000] ACPI: APIC 0x000000003FFF0240 00005C (v02 VBOX   VBOXAPIC 00000001 ASL  00000061)
[    0.000000] ACPI: SSDT 0x000000003FFF02A0 0001CC (v01 VBOX   VBOXCPUT 00000002 INTL 20100528)
[    0.000000] No NUMA configuration found
[    0.000000] Faking a node at [mem 0x0000000000000000-0x000000003ffeffff]
[    0.000000] NODE_DATA(0) allocated [mem 0x3ffc5000-0x3ffeffff]
[    0.000000] kvm-clock: cpu 0, msr 0:3ff44001, primary cpu clock
[    0.000000] kvm-clock: Using msrs 4b564d01 and 4b564d00
[    0.000000] kvm-clock: using sched offset of 5816360909 cycles
[    0.000000] clocksource: kvm-clock: mask: 0xffffffffffffffff max_cycles: 0x1cd42e4dffb, max_idle_ns: 881590591483 ns
[    0.000000] Zone ranges:
[    0.000000]   DMA      [mem 0x0000000000001000-0x0000000000ffffff]
[    0.000000]   DMA32    [mem 0x0000000001000000-0x000000003ffeffff]
[    0.000000]   Normal   empty
[    0.000000]   Device   empty
[    0.000000] Movable zone start for each node
[    0.000000] Early memory node ranges
[    0.000000]   node   0: [mem 0x0000000000001000-0x000000000009efff]
[    0.000000]   node   0: [mem 0x0000000000100000-0x000000003ffeffff]
[    0.000000] Reserved but unavailable: 98 pages
[    0.000000] Initmem setup node 0 [mem 0x0000000000001000-0x000000003ffeffff]
[    0.000000] ACPI: PM-Timer IO Port: 0x4008
[    0.000000] IOAPIC[0]: apic_id 2, version 32, address 0xfec00000, GSI 0-23
[    0.000000] ACPI: INT_SRC_OVR (bus 0 bus_irq 0 global_irq 2 dfl dfl)
[    0.000000] ACPI: INT_SRC_OVR (bus 0 bus_irq 9 global_irq 9 low level)
[    0.000000] Using ACPI (MADT) for SMP configuration information
[    0.000000] smpboot: Allowing 2 CPUs, 0 hotplug CPUs
[    0.000000] PM: Registered nosave memory: [mem 0x00000000-0x00000fff]
[    0.000000] PM: Registered nosave memory: [mem 0x0009f000-0x0009ffff]
[    0.000000] PM: Registered nosave memory: [mem 0x000a0000-0x000effff]
[    0.000000] PM: Registered nosave memory: [mem 0x000f0000-0x000fffff]
[    0.000000] e820: [mem 0x40000000-0xfebfffff] available for PCI devices
[    0.000000] Booting paravirtualized kernel on KVM
[    0.000000] clocksource: refined-jiffies: mask: 0xffffffff max_cycles: 0xffffffff, max_idle_ns: 7645519600211568 ns
[    0.000000] random: get_random_bytes called from start_kernel+0x99/0x4fd with crng_init=0
[    0.000000] setup_percpu: NR_CPUS:8192 nr_cpumask_bits:2 nr_cpu_ids:2 nr_node_ids:1
[    0.000000] percpu: Embedded 45 pages/cpu s147456 r8192 d28672 u1048576
[    0.000000] PV qspinlock hash table entries: 256 (order: 0, 4096 bytes)
[    0.000000] Built 1 zonelists, mobility grouping on.  Total pages: 257913
[    0.000000] Policy zone: DMA32
[    0.000000] Kernel command line: BOOT_IMAGE=/boot/vmlinuz-4.15.0-72-generic root=LABEL=cloudimg-rootfs ro console=tty1 console=ttyS0
[    0.000000] Memory: 982852K/1048120K available (12300K kernel code, 2481K rwdata, 4264K rodata, 2428K init, 2388K bss, 65268K reserved, 0K cma-reserved)
[    0.000000] SLUB: HWalign=64, Order=0-3, MinObjects=0, CPUs=2, Nodes=1
[    0.000000] Kernel/User page tables isolation: enabled
[    0.000000] ftrace: allocating 39318 entries in 154 pages
[    0.004000] Hierarchical RCU implementation.
[    0.004000] 	RCU restricting CPUs from NR_CPUS=8192 to nr_cpu_ids=2.
[    0.004000] 	Tasks RCU enabled.
[    0.004000] RCU: Adjusting geometry for rcu_fanout_leaf=16, nr_cpu_ids=2
[    0.004000] NR_IRQS: 524544, nr_irqs: 440, preallocated irqs: 16
[    0.004000] Console: colour VGA+ 80x25
[    0.004000] console [tty1] enabled
[    0.004000] console [ttyS0] enabled
[    0.004000] ACPI: Core revision 20170831
[    0.004000] ACPI: 2 ACPI AML tables successfully acquired and loaded
[    0.004000] APIC: Switch to symmetric I/O mode setup
[    0.004000] x2apic enabled
[    0.004000] Switched APIC routing to physical x2apic.
[    0.004000] ..TIMER: vector=0x30 apic1=0 pin1=2 apic2=-1 pin2=-1
[    0.004004] tsc: Detected 2303.998 MHz processor
[    0.004813] Calibrating delay loop (skipped) preset value.. 4607.99 BogoMIPS (lpj=9215992)
[    0.005432] pid_max: default: 32768 minimum: 301
[    0.006266] Security Framework initialized
[    0.008002] Yama: becoming mindful.
[    0.008696] AppArmor: AppArmor initialized
[    0.011181] Dentry cache hash table entries: 131072 (order: 8, 1048576 bytes)
[    0.012061] Inode-cache hash table entries: 65536 (order: 7, 524288 bytes)
[    0.013646] Mount-cache hash table entries: 2048 (order: 2, 16384 bytes)
[    0.016005] Mountpoint-cache hash table entries: 2048 (order: 2, 16384 bytes)
[    0.017868] Last level iTLB entries: 4KB 64, 2MB 8, 4MB 8
[    0.019153] Last level dTLB entries: 4KB 64, 2MB 0, 4MB 0, 1GB 4
[    0.020003] Spectre V1 : Mitigation: usercopy/swapgs barriers and __user pointer sanitization
[    0.024003] Spectre V2 : Mitigation: Full generic retpoline
[    0.025003] Spectre V2 : Spectre v2 / SpectreRSB mitigation: Filling RSB on context switch
[    0.026416] Speculative Store Bypass: Vulnerable
[    0.027259] MDS: Mitigation: Clear CPU buffers
[    0.028152] Freeing SMP alternatives memory: 36K
[    0.138736] smpboot: CPU0: Intel(R) Core(TM) i5-7360U CPU @ 2.30GHz (family: 0x6, model: 0x8e, stepping: 0x9)
[    0.140000] Performance Events: unsupported p6 CPU model 142 no PMU driver, software events only.
[    0.140032] Hierarchical SRCU implementation.
[    0.141418] NMI watchdog: Perf event create on CPU 0 failed with -2
[    0.142489] NMI watchdog: Perf NMI watchdog permanently disabled
[    0.144041] smp: Bringing up secondary CPUs ...
[    0.145303] x86: Booting SMP configuration:
[    0.146277] .... node  #0, CPUs:      #1
[    0.004000] kvm-clock: cpu 1, msr 0:3ff44041, secondary cpu clock
[    0.150288] smp: Brought up 1 node, 2 CPUs
[    0.150288] smpboot: Max logical packages: 1
[    0.152004] smpboot: Total of 2 processors activated (9215.99 BogoMIPS)
[    0.153233] devtmpfs: initialized
[    0.153233] x86/mm: Memory block size: 128MB
[    0.154043] evm: security.selinux
[    0.156003] evm: security.SMACK64
[    0.156605] evm: security.SMACK64EXEC
[    0.157259] evm: security.SMACK64TRANSMUTE
[    0.157981] evm: security.SMACK64MMAP
[    0.158855] evm: security.apparmor
[    0.159473] evm: security.ima
[    0.160003] evm: security.capability
[    0.160735] clocksource: jiffies: mask: 0xffffffff max_cycles: 0xffffffff, max_idle_ns: 7645041785100000 ns
[    0.162154] futex hash table entries: 512 (order: 3, 32768 bytes)
[    0.165655] pinctrl core: initialized pinctrl subsystem
[    0.166752] RTC time:  2:17:14, date: 02/04/20
[    0.168106] NET: Registered protocol family 16
[    0.169354] audit: initializing netlink subsys (disabled)
[    0.170344] audit: type=2000 audit(1580782641.358:1): state=initialized audit_enabled=0 res=1
[    0.170344] cpuidle: using governor ladder
[    0.172010] cpuidle: using governor menu
[    0.172828] ACPI: bus type PCI registered
[    0.173571] acpiphp: ACPI Hot Plug PCI Controller Driver version: 0.5
[    0.174860] PCI: Using configuration type 1 for base access
[    0.176785] HugeTLB registered 2.00 MiB page size, pre-allocated 0 pages
[    0.180023] ACPI: Added _OSI(Module Device)
[    0.180788] ACPI: Added _OSI(Processor Device)
[    0.181569] ACPI: Added _OSI(3.0 _SCP Extensions)
[    0.182391] ACPI: Added _OSI(Processor Aggregator Device)
[    0.183369] ACPI: Added _OSI(Linux-Dell-Video)
[    0.184000] ACPI: Added _OSI(Linux-Lenovo-NV-HDMI-Audio)
[    0.184003] ACPI: Added _OSI(Linux-HPI-Hybrid-Graphics)
[    0.185244] ACPI: Executed 1 blocks of module-level executable AML code
[    0.190017] ACPI: Interpreter enabled
[    0.190872] ACPI: (supports S0 S5)
[    0.192002] ACPI: Using IOAPIC for interrupt routing
[    0.193047] PCI: Using host bridge windows from ACPI; if necessary, use "pci=nocrs" and report a bug
[    0.194815] ACPI: Enabled 2 GPEs in block 00 to 07
[    0.200961] ACPI: PCI Root Bridge [PCI0] (domain 0000 [bus 00-ff])
[    0.202532] acpi PNP0A03:00: _OSC: OS supports [ASPM ClockPM Segments MSI]
[    0.204373] acpi PNP0A03:00: _OSC: not requesting OS control; OS requires [ExtendedConfig ASPM ClockPM MSI]
[    0.206045] acpi PNP0A03:00: fail to add MMCONFIG information, can't access extended PCI configuration space under this bridge.
[    0.208388] PCI host bridge to bus 0000:00
[    0.209127] pci_bus 0000:00: root bus resource [io  0x0000-0x0cf7 window]
[    0.210279] pci_bus 0000:00: root bus resource [io  0x0d00-0xffff window]
[    0.211446] pci_bus 0000:00: root bus resource [mem 0x000a0000-0x000bffff window]
[    0.212002] pci_bus 0000:00: root bus resource [mem 0x40000000-0xfdffffff window]
[    0.213302] pci_bus 0000:00: root bus resource [bus 00-ff]
[    0.217368] pci 0000:00:01.1: legacy IDE quirk: reg 0x10: [io  0x01f0-0x01f7]
[    0.219280] pci 0000:00:01.1: legacy IDE quirk: reg 0x14: [io  0x03f6]
[    0.220003] pci 0000:00:01.1: legacy IDE quirk: reg 0x18: [io  0x0170-0x0177]
[    0.221252] pci 0000:00:01.1: legacy IDE quirk: reg 0x1c: [io  0x0376]
[    0.237966] pci 0000:00:07.0: quirk: [io  0x4000-0x403f] claimed by PIIX4 ACPI
[    0.239927] pci 0000:00:07.0: quirk: [io  0x4100-0x410f] claimed by PIIX4 SMB
[    0.250316] ACPI: PCI Interrupt Link [LNKA] (IRQs 5 9 10 *11)
[    0.252075] ACPI: PCI Interrupt Link [LNKB] (IRQs 5 9 *10 11)
[    0.253361] ACPI: PCI Interrupt Link [LNKC] (IRQs 5 *9 10 11)
[    0.254743] ACPI: PCI Interrupt Link [LNKD] (IRQs 5 9 10 *11)
[    0.256071] SCSI subsystem initialized
[    0.256808] pci 0000:00:02.0: vgaarb: setting as boot VGA device
[    0.257576] pci 0000:00:02.0: vgaarb: VGA device added: decodes=io+mem,owns=io+mem,locks=none
[    0.259257] pci 0000:00:02.0: vgaarb: bridge control possible
[    0.260011] vgaarb: loaded
[    0.260546] ACPI: bus type USB registered
[    0.261278] usbcore: registered new interface driver usbfs
[    0.262232] usbcore: registered new interface driver hub
[    0.263165] usbcore: registered new device driver usb
[    0.264049] EDAC MC: Ver: 3.0.0
[    0.264854] PCI: Using ACPI for IRQ routing
[    0.265093] NetLabel: Initializing
[    0.265716] NetLabel:  domain hash size = 128
[    0.268003] NetLabel:  protocols = UNLABELED CIPSOv4 CALIPSO
[    0.269208] NetLabel:  unlabeled traffic allowed by default
[    0.270247] clocksource: Switched to clocksource kvm-clock
[    0.281625] VFS: Disk quotas dquot_6.6.0
[    0.282763] VFS: Dquot-cache hash table entries: 512 (order 0, 4096 bytes)
[    0.284112] AppArmor: AppArmor Filesystem Enabled
[    0.285004] pnp: PnP ACPI init
[    0.286772] pnp: PnP ACPI: found 3 devices
[    0.295669] clocksource: acpi_pm: mask: 0xffffff max_cycles: 0xffffff, max_idle_ns: 2085701024 ns
[    0.297777] NET: Registered protocol family 2
[    0.298753] TCP established hash table entries: 8192 (order: 4, 65536 bytes)
[    0.299994] TCP bind hash table entries: 8192 (order: 5, 131072 bytes)
[    0.302550] TCP: Hash tables configured (established 8192 bind 8192)
[    0.303727] UDP hash table entries: 512 (order: 2, 16384 bytes)
[    0.304866] UDP-Lite hash table entries: 512 (order: 2, 16384 bytes)
[    0.306080] NET: Registered protocol family 1
[    0.306866] pci 0000:00:00.0: Limiting direct PCI/PCI transfers
[    0.307915] pci 0000:00:01.0: Activating ISA DMA hang workarounds
[    0.309044] pci 0000:00:02.0: Video device with shadowed ROM at [mem 0x000c0000-0x000dffff]
[    0.310586] Unpacking initramfs...
[    0.578635] Freeing initrd memory: 19744K
[    0.579837] clocksource: tsc: mask: 0xffffffffffffffff max_cycles: 0x2135f5e6f15, max_idle_ns: 440795231538 ns
[    0.581734] platform rtc_cmos: registered platform RTC device (no PNP device found)
[    0.583081] Scanning for low memory corruption every 60 seconds
[    0.584707] Initialise system trusted keyrings
[    0.585998] Key type blacklist registered
[    0.586822] workingset: timestamp_bits=36 max_order=18 bucket_order=0
[    0.588849] zbud: loaded
[    0.589941] squashfs: version 4.0 (2009/01/31) Phillip Lougher
[    0.591629] fuse init (API version 7.26)
[    0.594114] Key type asymmetric registered
[    0.595231] Asymmetric key parser 'x509' registered
[    0.596403] Block layer SCSI generic (bsg) driver version 0.4 loaded (major 246)
[    0.597769] io scheduler noop registered
[    0.598934] io scheduler deadline registered
[    0.599714] io scheduler cfq registered (default)
[    0.601084] ACPI: AC Adapter [AC] (off-line)
[    0.602173] input: Power Button as /devices/LNXSYSTM:00/LNXPWRBN:00/input/input0
[    0.603560] ACPI: Power Button [PWRF]
[    0.604329] input: Sleep Button as /devices/LNXSYSTM:00/LNXSLPBN:00/input/input1
[    0.605861] ACPI: Sleep Button [SLPF]
[    0.608276] Serial: 8250/16550 driver, 32 ports, IRQ sharing enabled
[    0.608385] ACPI: Battery Slot [BAT0] (battery present)
[    0.630995] 00:02: ttyS0 at I/O 0x3f8 (irq = 4, base_baud = 115200) is a 16550A
[    0.633941] Linux agpgart interface v0.103
[    0.637930] loop: module loaded
[    0.639472] scsi host0: ata_piix
[    0.640369] scsi host1: ata_piix
[    0.640999] ata1: PATA max UDMA/33 cmd 0x1f0 ctl 0x3f6 bmdma 0xd000 irq 14
[    0.642181] ata2: PATA max UDMA/33 cmd 0x170 ctl 0x376 bmdma 0xd008 irq 15
[    0.643449] libphy: Fixed MDIO Bus: probed
[    0.644404] tun: Universal TUN/TAP device driver, 1.6
[    0.645824] PPP generic driver version 2.4.2
[    0.646722] ehci_hcd: USB 2.0 'Enhanced' Host Controller (EHCI) Driver
[    0.647848] ehci-pci: EHCI PCI platform driver
[    0.648736] ehci-platform: EHCI generic platform driver
[    0.649661] ohci_hcd: USB 1.1 'Open' Host Controller (OHCI) Driver
[    0.650729] ohci-pci: OHCI PCI platform driver
[    0.651526] ohci-platform: OHCI generic platform driver
[    0.652514] uhci_hcd: USB Universal Host Controller Interface driver
[    0.653654] i8042: PNP: PS/2 Controller [PNP0303:PS2K,PNP0f03:PS2M] at 0x60,0x64 irq 1,12
[    0.655616] serio: i8042 KBD port at 0x60,0x64 irq 1
[    0.656998] serio: i8042 AUX port at 0x60,0x64 irq 12
[    0.657948] mousedev: PS/2 mouse device common for all mice
[    0.659440] input: AT Translated Set 2 keyboard as /devices/platform/i8042/serio0/input/input2
[    0.661959] rtc_cmos rtc_cmos: rtc core: registered rtc_cmos as rtc0
[    0.663384] rtc_cmos rtc_cmos: alarms up to one day, 114 bytes nvram
[    0.664527] i2c /dev entries driver
[    0.665281] device-mapper: uevent: version 1.0.3
[    0.666617] device-mapper: ioctl: 4.37.0-ioctl (2017-09-20) initialised: dm-devel@redhat.com
[    0.668161] ledtrig-cpu: registered to indicate activity on CPUs
[    0.669827] NET: Registered protocol family 10
[    0.674058] Segment Routing with IPv6
[    0.674761] NET: Registered protocol family 17
[    0.675653] Key type dns_resolver registered
[    0.676912] mce: Using 0 MCE banks
[    0.677545] RAS: Correctable Errors collector initialized.
[    0.678506] sched_clock: Marking stable (676892337, 0)->(826271553, -149379216)
[    0.680184] registered taskstats version 1
[    0.681285] Loading compiled-in X.509 certificates
[    0.683972] Loaded X.509 cert 'Build time autogenerated kernel key: f4f7241365689b0cbe3898188e65e316fd8f978d'
[    0.685778] zswap: loaded using pool lzo/zbud
[    0.689705] Key type big_key registered
[    0.690439] Key type trusted registered
[    0.692716] Key type encrypted registered
[    0.693481] AppArmor: AppArmor sha1 policy hashing enabled
[    0.694729] ima: No TPM chip found, activating TPM-bypass! (rc=-19)
[    0.696351] ima: Allocated hash algorithm: sha1
[    0.697457] evm: HMAC attrs: 0x1
[    0.698543]   Magic number: 8:203:257
[    0.699813] rtc_cmos rtc_cmos: setting system clock to 2020-02-04 02:17:14 UTC (1580782634)
[    0.704340] BIOS EDD facility v0.16 2004-Jun-25, 0 devices found
[    0.706279] EDD information not available.
[    0.815042] Freeing unused kernel image memory: 2428K
[    1.012924] Write protecting the kernel read-only data: 20480k
[    1.015995] Freeing unused kernel image memory: 2008K
[    1.017630] Freeing unused kernel image memory: 1880K
[    1.024611] x86/mm: Checked W+X mappings: passed, no W+X pages found.
[    1.026343] x86/mm: Checking user space page tables
[    1.032891] x86/mm: Checked W+X mappings: passed, no W+X pages found.
Loading, please wait...
starting version 237
[    1.091449] e1000: Intel(R) PRO/1000 Network Driver - version 7.3.21-k8-NAPI
[    1.093329] e1000: Copyright (c) 1999-2006 Intel Corporation.
[    1.111068] Fusion MPT base driver 3.04.20
[    1.112177] Copyright (c) 1999-2008 LSI Corporation
[    1.120145] vboxvideo: loading out-of-tree module taints kernel.
[    1.121505] Fusion MPT SPI Host driver 3.04.20
[    1.121676] vboxvideo: module verification failed: signature and/or required key missing - tainting kernel
[    1.136243] AVX2 version of gcm_enc/dec engaged.
[    1.137380] AES CTR mode by8 optimization enabled
[    1.351625] input: ImExPS/2 Generic Explorer Mouse as /devices/platform/i8042/serio1/input/input4
[    1.494517] e1000 0000:00:03.0 eth0: (PCI:33MHz:32-bit) 02:b7:1f:33:e9:24
[    1.496523] e1000 0000:00:03.0 eth0: Intel(R) PRO/1000 Network Connection
[    1.498462] mptbase: ioc0: Initiating bringup
[    1.632280] ioc0: LSI53C1030 A0: Capabilities={Initiator}
[    3.194983] scsi host2: ioc0: LSI53C1030 A0, FwRev=00000000h, Ports=1, MaxQ=256, IRQ=20
[    3.960724] scsi 2:0:0:0: Direct-Access     VBOX     HARDDISK         1.0  PQ: 0 ANSI: 5
[    3.961883] [drm] VRAM 01000000
[    3.964937] [TTM] Zone  kernel: Available graphics memory: 504474 kiB
[    3.966847] [TTM] Initializing pool allocator
[    3.967627] [TTM] Initializing DMA pool allocator
[    3.969740] fbcon: vboxdrmfb (fb0) is primary device
[    3.971317] Console: switching to colour frame buffer device 100x37
[    3.974333] vboxvideo 0000:00:02.0: fb0: vboxdrmfb frame buffer device
[    3.984607] [drm] Initialized vboxvideo 1.0.0 20130823 for 0000:00:02.0 on minor 0
[    3.992344] scsi target2:0:0: Beginning Domain Validation
[    3.994792] scsi target2:0:0: Domain Validation skipping write tests
[    3.996385] scsi target2:0:0: Ending Domain Validation
[    3.997138] scsi target2:0:0: asynchronous
[    3.997963] scsi 2:0:1:0: Direct-Access     VBOX     HARDDISK         1.0  PQ: 0 ANSI: 5
[    4.040654] scsi target2:0:1: Beginning Domain Validation
[    4.074161] random: fast init done
[    4.077286] scsi target2:0:1: Domain Validation skipping write tests
[    4.081739] scsi target2:0:1: Ending Domain Validation
[    4.088348] scsi target2:0:1: asynchronous
[    4.103428] random: systemd-udevd: uninitialized urandom read (16 bytes read)
[    4.108356] sd 2:0:0:0: Attached scsi generic sg0 type 0
[    4.111910] random: systemd-udevd: uninitialized urandom read (16 bytes read)
[    4.113979] sd 2:0:1:0: Attached scsi generic sg1 type 0
[    4.115913] random: systemd-udevd: uninitialized urandom read (16 bytes read)
[    4.117308] sd 2:0:1:0: [sdb] 20480 512-byte logical blocks: (10.5 MB/10.0 MiB)
[    4.118631] sd 2:0:1:0: [sdb] Write Protect is off
[    4.119680] sd 2:0:1:0: [sdb] Incomplete mode parameter data
[    4.120738] sd 2:0:1:0: [sdb] Assuming drive cache: write through
[    4.121452] sd 2:0:0:0: [sda] 20971520 512-byte logical blocks: (10.7 GB/10.0 GiB)
[    4.124696] sd 2:0:0:0: [sda] Write Protect is off
[    4.130951] sd 2:0:1:0: [sdb] Attached SCSI disk
[    4.131826] sd 2:0:0:0: [sda] Incomplete mode parameter data
[    4.133964] sd 2:0:0:0: [sda] Assuming drive cache: write through
[    4.141706]  sda: sda1
[    4.143384] sd 2:0:0:0: [sda] Attached SCSI disk
[    4.433587] e1000 0000:00:08.0 eth1: (PCI:33MHz:32-bit) 08:00:27:77:a4:d7
[    4.435331] e1000 0000:00:08.0 eth1: Intel(R) PRO/1000 Network Connection
[    4.438109] e1000 0000:00:03.0 enp0s3: renamed from eth0
[    4.452946] e1000 0000:00:08.0 enp0s8: renamed from eth1
Begin: Loading essential drivers ... [    4.620247] raid6: sse2x1   gen() 12006 MB/s
[    4.668239] raid6: sse2x1   xor()  8946 MB/s
[    4.716580] raid6: sse2x2   gen() 15549 MB/s
[    4.764232] raid6: sse2x2   xor() 10171 MB/s
[    4.812029] raid6: sse2x4   gen() 17378 MB/s
[    4.860190] raid6: sse2x4   xor() 11118 MB/s
[    4.908162] raid6: avx2x1   gen() 24706 MB/s
[    4.956522] raid6: avx2x1   xor() 17333 MB/s
[    5.004217] raid6: avx2x2   gen() 29239 MB/s
[    5.052168] raid6: avx2x2   xor() 17476 MB/s
[    5.100191] raid6: avx2x4   gen() 33428 MB/s
[    5.148230] raid6: avx2x4   xor() 21302 MB/s
[    5.149956] raid6: using algorithm avx2x4 gen() 33428 MB/s
[    5.151315] raid6: .... xor() 21302 MB/s, rmw enabled
[    5.152770] raid6: using avx2x2 recovery algorithm
[    5.155813] xor: automatically using best checksumming function   avx       
[    5.160674] async_tx: api initialized (async)
done.
Begin: Running /scripts/init-premount ... done.
Begin: Mounting root file system ... Begin: Running /scripts/local-top ... done.
Begin: Running /scripts/local-premount ... [    5.222632] Btrfs loaded, crc32c=crc32c-intel
Scanning for Btrfs filesystems
done.
Warning: fsck not present, so skipping root file system
[    5.269283] EXT4-fs (sda1): mounted filesystem with ordered data mode. Opts: (null)
done.
Begin: Running /scripts/local-bottom ... done.
Begin: Running /scripts/init-bottom ... done.
[    5.457270] ip_tables: (C) 2000-2006 Netfilter Core Team
[    5.467095] systemd[1]: systemd 237 running in system mode. (+PAM +AUDIT +SELINUX +IMA +APPARMOR +SMACK +SYSVINIT +UTMP +LIBCRYPTSETUP +GCRYPT +GNUTLS +ACL +XZ +LZ4 +SECCOMP +BLKID +ELFUTILS +KMOD -IDN2 +IDN -PCRE2 default-hierarchy=hybrid)
[    5.471010] systemd[1]: Detected virtualization oracle.
[    5.472518] systemd[1]: Detected architecture x86-64.

Welcome to [1mUbuntu 18.04.3 LTS[0m!

[    5.481377] systemd[1]: Set hostname to <ubuntu-bionic>.
[    5.818488] systemd[1]: Created slice User and Session Slice.
[[0;32m  OK  [0m] Created slice User and Session Slice.
[    5.820864] systemd[1]: Reached target System Time Synchronized.
[[0;32m  OK  [0m] Reached target System Time Synchronized.
[    5.832633] systemd[1]: Reached target Swap.
[[0;32m  OK  [0m] Reached target Swap.
[    5.834624] systemd[1]: Started Forward Password Requests to Wall Directory Watch.
[[0;32m  OK  [0m] Started Forward Password Requests to Wall Directory Watch.
[    5.837560] systemd[1]: Set up automount Arbitrary Executable File Formats File System Automount Point.
[[0;32m  OK  [0m] Set up automount Arbitrary Executabâ€¦rmats File System Automount Point.
[    5.841383] systemd[1]: Created slice System Slice.
[[0;32m  OK  [0m] Created slice System Slice.
[[0;32m  OK  [0m] Listening on /dev/initctl Compatibility Named Pipe.
[[0;32m  OK  [0m] Listening on Network Service Netlink Socket.
[[0;32m  OK  [0m] Reached target Slices.
[[0;32m  OK  [0m] Listening on Journal Socket (/dev/log).
[[0;32m  OK  [0m] Listening on Device-mapper event daemon FIFOs.
[[0;32m  OK  [0m] Listening on udev Kernel Socket.
[[0;32m  OK  [0m] Listening on udev Control Socket.
[[0;32m  OK  [0m] Listening on Journal Audit Socket.
[[0;32m  OK  [0m] Listening on Syslog Socket.
[[0;32m  OK  [0m] Created slice system-serial\x2dgetty.slice.
[[0;32m  OK  [0m] Listening on Journal Socket.
         Starting Load Kernel Modules...
         Starting Set the console keyboard layout...
         Starting Journal Service...
         Mounting Huge Pages File System...
[    5.879483] Loading iSCSI transport class v2.0-870.
[    5.887457] iscsi: registered transport (tcp)
[    5.907014] iscsi: registered transport (iser)
         Starting Create list of required stâ€¦ce nodes for the current kernel...
         Mounting POSIX Message Queue File System...
         Starting Remount Root and Kernel File Systems...
[[0;32m  OK  [0m] Listening on LVM2 metadata daemon socket.
         Starting Monitoring of LVM2 mirrorsâ€¦ng dmeventd or progress polling...
         Starting Uncomplicated firewall...
         Mounting Kernel Debug File System...
         Starting udev Coldplug all Devices...
[[0;32m  OK  [0m] Reached target User and Group Name Lookups.
[[0;32m  OK  [0m] Listening on LVM2 poll daemon socket.
[[0;32m  OK  [0m] Started Journal Service.
[    6.009430] EXT4-fs (sda1): re-mounted. Opts: (null)
[[0;32m  OK  [0m] Started Load Kernel Modules.
[[0;32m  OK  [0m] Mounted Huge Pages File System.
[[0;32m  OK  [0m] Started Create list of required staâ€¦vice nodes for the current kernel.
[[0;32m  OK  [0m] Mounted POSIX Message Queue File System.
[[0;32m  OK  [0m] Started Remount Root and Kernel File Systems.
[[0;32m  OK  [0m] Started Uncomplicated firewall.
[[0;32m  OK  [0m] Mounted Kernel Debug File System.
[[0;32m  OK  [0m] Started LVM2 metadata daemon.
         Starting Load/Save Random Seed...
         Starting Create Static Device Nodes in /dev...
         Starting Apply Kernel Variables...
         Mounting FUSE Control File System...
         Mounting Kernel Configuration File System...
         Starting Flush Journal to Persistent Storage...
[[0;32m  OK  [0m] Started Load/Save Random Seed.
[[0;32m  OK  [0m] Mounted FUSE Control File System.
[[0;32m  OK  [0m] Mounted Kernel Configuration File System.
[[0;32m  OK  [0m] Started Set the console keyboard layout.
[[0;32m  OK  [0m] Started udev Coldplug all Devices.
[[0;32m  OK  [0m] Started Create Static Device Nodes in /dev.
         Starting udev Kernel Device Manager...
[    6.098506] systemd-journald[404]: Received request to flush runtime journal from PID 1
[[0;32m  OK  [0m] Started Monitoring of LVM2 mirrors,â€¦sing dmeventd or progress polling.
[[0;32m  OK  [0m] Reached target Local File Systems (Pre).
[[0;32m  OK  [0m] Reached target Local File Systems.
         Starting Set console font and keymap...
         Starting AppArmor initialization...
         Starting Tell Plymouth To Write Out Runtime Data...
         Starting ebtables ruleset management...
[[0;32m  OK  [0m] Started udev Kernel Device Manager.
[[0;32m  OK  [0m] Started Dispatch Password Requests to Console Directory Watch.
[[0;32m  OK  [0m] Reached target Local Encrypted Volumes.
[[0;32m  OK  [0m] Started Apply Kernel Variables.
[[0;32m  OK  [0m] Started Set console font and keymap.
[[0;32m  OK  [0m] Started Tell Plymouth To Write Out Runtime Data.
[[0;32m  OK  [0m] Started Flush Journal to Persistent Storage.
         Starting Create Volatile Files and Directories...
[[0;32m  OK  [0m] Started Create Volatile Files and Directories.
         Starting Update UTMP about System Boot/Shutdown...
[[0;32m  OK  [0m] Started Update UTMP about System Boot/Shutdown.
[[0;32m  OK  [0m] Started ebtables ruleset management.
[[0;32m  OK  [0m] Found device /dev/ttyS0.
[[0;32m  OK  [0m] Listening on Load/Save RF Kill Switch Status /dev/rfkill Watch.
[[0;32m  OK  [0m] Started AppArmor initialization.
         Starting Initial cloud-init job (pre-networking)...
[    8.018131] cloud-init[545]: Cloud-init v. 19.3-41-gc4735dd3-0ubuntu1~18.04.1 running 'init-local' at Tue, 04 Feb 2020 02:17:21 +0000. Up 7.80 seconds.
[[0;32m  OK  [0m] Started Initial cloud-init job (pre-networking).
[[0;32m  OK  [0m] Reached target Network (Pre).
         Starting Network Service...
[[0;32m  OK  [0m] Started Network Service.
         Starting Network Name Resolution...
         Starting Wait for Network to be Configured...
[[0;32m  OK  [0m] Started Network Name Resolution.
[[0;32m  OK  [0m] Reached target Network.
[[0;32m  OK  [0m] Reached target Host and Network Name Lookups.
[[0;32m  OK  [0m] Started Wait for Network to be Configured.
         Starting Initial cloud-init job (metadata service crawler)...
[   10.743733] cloud-init[707]: Cloud-init v. 19.3-41-gc4735dd3-0ubuntu1~18.04.1 running 'init' at Tue, 04 Feb 2020 02:17:24 +0000. Up 10.55 seconds.
[   10.756563] cloud-init[707]: ci-info: ++++++++++++++++++++++++++++++++++++++Net device info+++++++++++++++++++++++++++++++++++++++
[   10.759708] cloud-init[707]: ci-info: +--------+------+-----------------------------+---------------+--------+-------------------+
[   10.762078] cloud-init[707]: ci-info: | Device |  Up  |           Address           |      Mask     | Scope  |     Hw-Address    |
[   10.765132] cloud-init[707]: ci-info: +--------+------+-----------------------------+---------------+--------+-------------------+
[   10.767966] cloud-init[707]: ci-info: | enp0s3 | True |          10.0.2.15          | 255.255.255.0 | global | 02:b7:1f:33:e9:24 |
[   10.770703] cloud-init[707]: ci-info: | enp0s3 | True |  fe80::b7:1fff:fe33:e924/64 |       .       |  link  | 02:b7:1f:33:e9:24 |
[   10.784716] cloud-init[707]: ci-info: | enp0s8 | True |        192.168.33.10        | 255.255.255.0 | global | 08:00:27:77:a4:d7 |
[   10.787074] cloud-init[707]: ci-info: | enp0s8 | True | fe80::a00:27ff:fe77:a4d7/64 |       .       |  link  | 08:00:27:77:a4:d7 |
[   10.789342] cloud-init[707]: ci-info: |   lo   | True |          127.0.0.1          |   255.0.0.0   |  host  |         .         |
[   10.792360] cloud-init[707]: ci-info: |   lo   | True |           ::1/128           |       .       |  host  |         .         |
[   10.795265] cloud-init[707]: ci-info: +--------+------+-----------------------------+---------------+--------+-------------------+
[   10.797962] cloud-init[707]: ci-info: +++++++++++++++++++++++++++++Route IPv4 info+++++++++++++++++++++++++++++
[   10.808343] cloud-init[707]: ci-info: +-------+--------------+----------+-----------------+-----------+-------+
[   10.810333] cloud-init[707]: ci-info: | Route | Destination  | Gateway  |     Genmask     | Interface | Flags |
[   10.812211] cloud-init[707]: ci-info: +-------+--------------+----------+-----------------+-----------+-------+
[   10.824569] cloud-init[707]: ci-info: |   0   |   0.0.0.0    | 10.0.2.2 |     0.0.0.0     |   enp0s3  |   UG  |
[   10.836751] cloud-init[707]: ci-info: |   1   |   10.0.2.0   | 0.0.0.0  |  255.255.255.0  |   enp0s3  |   U   |
[   10.838984] cloud-init[707]: ci-info: |   2   |   10.0.2.2   | 0.0.0.0  | 255.255.255.255 |   enp0s3  |   UH  |
[   10.840417] cloud-init[707]: ci-info: |   3   | 192.168.33.0 | 0.0.0.0  |  255.255.255.0  |   enp0s8  |   U   |
[   10.852519] cloud-init[707]: ci-info: +-------+--------------+----------+-----------------+-----------+-------+
[   10.854655] cloud-init[707]: ci-info: +++++++++++++++++++Route IPv6 info+++++++++++++++++++
[   10.856494] cloud-init[707]: ci-info: +-------+-------------+---------+-----------+-------+
[   10.868344] cloud-init[707]: ci-info: | Route | Destination | Gateway | Interface | Flags |
[   10.870101] cloud-init[707]: ci-info: +-------+-------------+---------+-----------+-------+
[   10.872195] cloud-init[707]: ci-info: |   1   |  fe80::/64  |    ::   |   enp0s3  |   U   |
[   10.874359] cloud-init[707]: ci-info: |   2   |  fe80::/64  |    ::   |   enp0s8  |   U   |
[   10.876602] cloud-init[707]: ci-info: |   4   |    local    |    ::   |   enp0s3  |   U   |
[   10.878752] cloud-init[707]: ci-info: |   5   |    local    |    ::   |   enp0s8  |   U   |
[   10.880409] cloud-init[707]: ci-info: |   6   |   ff00::/8  |    ::   |   enp0s3  |   U   |
[   10.882905] cloud-init[707]: ci-info: |   7   |   ff00::/8  |    ::   |   enp0s8  |   U   |
[   10.885003] cloud-init[707]: ci-info: +-------+-------------+---------+-----------+-------+
[[0;32m  OK  [0m] Started Initial cloud-init job (metadata service crawler).
[[0;32m  OK  [0m] Reached target Cloud-config availability.
[[0;32m  OK  [0m] Reached target System Initialization.
[[0;32m  OK  [0m] Started Daily apt download activities.
         Starting LXD - unix socket.
[[0;32m  OK  [0m] Listening on Open-iSCSI iscsid Socket.
[[0;32m  OK  [0m] Started Message of the Day.
[[0;32m  OK  [0m] Started ACPI Events Check.
[[0;32m  OK  [0m] Started Daily apt upgrade and clean activities.
[[0;32m  OK  [0m] Reached target Paths.
         Starting Socket activation for snappy daemon.
[[0;32m  OK  [0m] Started Discard unused blocks once a week.
[[0;32m  OK  [0m] Listening on ACPID Listen Socket.
[[0;32m  OK  [0m] Listening on D-Bus System Message Bus Socket.
[[0;32m  OK  [0m] Started Daily Cleanup of Temporary Directories.
[[0;32m  OK  [0m] Reached target Timers.
[[0;32m  OK  [0m] Listening on UUID daemon activation socket.
[[0;32m  OK  [0m] Reached target Network is Online.
         Starting Availability of block devices...
[[0;32m  OK  [0m] Reached target Remote File Systems (Pre).
[[0;32m  OK  [0m] Reached target Remote File Systems.
[[0;32m  OK  [0m] Listening on LXD - unix socket.
[[0;32m  OK  [0m] Listening on Socket activation for snappy daemon.
[[0;32m  OK  [0m] Started Availability of block devices.
[[0;32m  OK  [0m] Reached target Sockets.
[[0;32m  OK  [0m] Reached target Basic System.
         Starting Dispatcher daemon for systemd-networkd...
         Starting Accounts Service...
         Starting LXD - container startup/shutdown...
         Starting LSB: Record successful boot for GRUB...
         Starting Permit User Sessions...
[[0;32m  OK  [0m] Started D-Bus System Message Bus.
         Starting System Logging Service...
         Starting OpenBSD Secure Shell server...
[[0;32m  OK  [0m] Started Deferred execution scheduler.
[[0;32m  OK  [0m] Started irqbalance daemon.
         Starting Message of the Day...
         Starting Login Service...
         Starting Snappy daemon...
[[0;32m  OK  [0m] Started FUSE filesystem for LXC.
[[0;32m  OK  [0m] Started Regular background program processing daemon.
         Starting LSB: automatic crash report generation...
         Starting vboxadd.service...
[[0;32m  OK  [0m] Started System Logging Service.
[[0;32m  OK  [0m] Started Dispatcher daemon for systemd-networkd.
[[0;32m  OK  [0m] Started LXD - container startup/shutdown.
[[0;32m  OK  [0m] Started Permit User Sessions.
[[0;32m  OK  [0m] Started OpenBSD Secure Shell server.
[[0;32m  OK  [0m] Started Login Service.
[[0;32m  OK  [0m] Started Unattended Upgrades Shutdown.
         Starting Authorization Manager...
         Starting Hold until boot process finishes up...
         Starting Terminate Plymouth Boot Screen...
[[0;32m  OK  [0m] Started Hold until boot process finishes up.
[[0;32m  OK  [0m] Started Terminate Plymouth Boot Screen.
[[0;32m  OK  [0m] Started Serial Getty on ttyS0.
         Starting Set console scheme...
[[0;32m  OK  [0m] Started Set console scheme.
[[0;32m  OK  [0m] Created slice system-getty.slice.
[[0;32m  OK  [0m] Started Getty on tty1.
[[0;32m  OK  [0m] Reached target Login Prompts.
[[0;32m  OK  [0m] Started Authorization Manager.
[[0;32m  OK  [0m] Started Accounts Service.
[[0;32m  OK  [0m] Started LSB: automatic crash report generation.
[[0;32m  OK  [0m] Started LSB: Record successful boot for GRUB.
[[0;32m  OK  [0m] Created slice User Slice of vagrant.
         Starting User Manager for UID 1000...
[[0;32m  OK  [0m] Started Session 1 of user vagrant.
[[0;32m  OK  [0m] Started Snappy daemon.
         Starting Wait until snapd is fully seeded...
[[0;32m  OK  [0m] Started User Manager for UID 1000.
[[0;32m  OK  [0m] Started Wait until snapd is fully seeded.
         Starting Apply the settings specified in cloud-config...
[   13.428994] cloud-init[1131]: Cloud-init v. 19.3-41-gc4735dd3-0ubuntu1~18.04.1 running 'modules:config' at Tue, 04 Feb 2020 02:17:27 +0000. Up 13.23 seconds.
[[0;32m  OK  [0m] Started Apply the settings specified in cloud-config.
[[0;32m  OK  [0m] Started vboxadd.service.
         Starting vboxadd-service.service...
[[0;32m  OK  [0m] Started vboxadd-service.service.
[[0;32m  OK  [0m] Reached target Multi-User System.
         Starting Execute cloud user/final scripts...
[[0;32m  OK  [0m] Reached target Graphical Interface.
         Starting Update UTMP about System Runlevel Changes...
[[0;32m  OK  [0m] Started Update UTMP about System Runlevel Changes.
[   14.382576] cloud-init[1291]: Cloud-init v. 19.3-41-gc4735dd3-0ubuntu1~18.04.1 running 'modules:final' at Tue, 04 Feb 2020 02:17:28 +0000. Up 14.24 seconds.
[   14.385836] cloud-init[1291]: Cloud-init v. 19.3-41-gc4735dd3-0ubuntu1~18.04.1 finished at Tue, 04 Feb 2020 02:17:28 +0000. Datasource DataSourceNoCloud [seed=/dev/sdb][dsmode=net].  Up 14.37 seconds
[[0;32m  OK  [0m] Started Execute cloud user/final scripts.
[[0;32m  OK  [0m] Reached target Cloud-init target.
[[0;32m  OK  [0m] Started Message of the Day.

Ubuntu 18.04.3 LTS ubuntu-bionic ttyS0

ubuntu-bionic login: 